RSI_HOT_START
RSI_HOT_TAG=b
RSI_HOT_MIX=pso
RSI_HOT_SEED=220028
RSI_HOT_ROUNDS_PLAN=6
SET_CODE=ok
BASE_ARENA_T=27
SET_CODE_FACTOR=ok
BASE_FACTOR=27
RSI_HOT_GATE_AT_INSTALL=1
RSI_HOT_GATE_PROBE=broken-step
RSI_HOT_GATE_REJECT=step
RSI_HOT_GATE_PROBE_PLAY=27
FIBER_SPAWN=41
FIBER_SIM_BASE=27
FIBER_PLAY_BASE=27
POP_FORCE=16
RSI_HOT_PHASE=r1:rule-b
RSI_HOT_PHASE=r1:knob-b
RSI_HOT_PHASE=r1:opp
RSI_HOT_PHASE=r1:late
ROUND 1 IN=27 LIVE=10 VS_B=27 TURNS=(2 4 5 20) KNOBS=(15 2 2 5) POP=16 FIBER=1
RSI_HOT_TAG=b
RSI_HOT_MIX=pso
RSI_HOT_SEED=220028
RSI_HOT_POP=16
RSI_HOT_FIBER=1
RSI_HOT_HEAL=2
RSI_HOT_HEAL_FAIL=0
RSI_HOT_ROUNDS=1
RSI_HOT_GATE_REJECTS=1
RSI_HOT_VS_B=27
RSI_HOT_BEST=27
RSI_HOT_KNOBS=chip=15,hp=2,bonus=2,late=5
RSI_HOT_TURNS=na
RSI_HOT_PROGRESS
RSI_HOT_PHASE=r2:rule-b
RSI_HOT_PHASE=r2:knob-b
